2020-07-18 09:55:48 INFO  Demo01_base:26 - Hello World
2020-07-18 10:01:50 INFO  Demo01_base:44 - 
2020-07-18 10:02:18 INFO  Demo01_base:45 - 
2020-07-18 10:02:49 INFO  Demo01_base:41 - 9z_0N-FuOF7owWdTGpFqDQ3dELfQ2Zbd9s36H59-Ueb44QNbdyN_xaO0-DLuucZ4en0i9WfiSTEQcm63c9G4yLJDfJ6LC9crVNQB7VXD1hd41i5eXIDuGDYTwtqNA-4NXH_dHCz35fdz3Pdju2dGr540aEMpGMzL7LJi3qNDgM6UIU5bnpXCEovI742I8VzWE7dTAfn_WZNkXaGKysEkGA
2020-07-18 10:09:01 INFO  Demo01_base:43 - 9z_0N-FuOF7owWdTGpFqDQ3dELfQ2Zbd9s36H59-Ueb44QNbdyN_xaO0-DLuucZ4en0i9WfiSTEQcm63c9G4yLJDfJ6LC9crVNQB7VXD1hd41i5eXIDuGDYTwtqNA-4NXH_dHCz35fdz3Pdju2dGr540aEMpGMzL7LJi3qNDgM6UIU5bnpXCEovI742I8VzWE7dTAfn_WZNkXaGKysEkGA
2020-07-18 10:11:32 INFO  Demo01_base:43 - 9z_0N-FuOF7owWdTGpFqDQ3dELfQ2Zbd9s36H59-Ueb44QNbdyN_xaO0-DLuucZ4en0i9WfiSTEQcm63c9G4yLJDfJ6LC9crVNQB7VXD1hd41i5eXIDuGDYTwtqNA-4NXH_dHCz35fdz3Pdju2dGr540aEMpGMzL7LJi3qNDgM6UIU5bnpXCEovI742I8VzWE7dTAfn_WZNkXaGKysEkGA
2020-07-18 10:12:42 INFO  Demo01_base:43 - 9z_0N-FuOF7owWdTGpFqDQ3dELfQ2Zbd9s36H59-Ueb44QNbdyN_xaO0-DLuucZ4en0i9WfiSTEQcm63c9G4yLJDfJ6LC9crVNQB7VXD1hd41i5eXIDuGDYTwtqNA-4NXH_dHCz35fdz3Pdju2dGr540aEMpGMzL7LJi3qNDgM6UIU5bnpXCEovI742I8VzWE7dTAfn_WZNkXaGKysEkGA
2020-07-18 10:15:39 INFO  Demo01_base:43 - 9z_0N-FuOF7owWdTGpFqDQ3dELfQ2Zbd9s36H59-Ueb44QNbdyN_xaO0-DLuucZ4en0i9WfiSTEQcm63c9G4yLJDfJ6LC9crVNQB7VXD1hd41i5eXIDuGDYTwtqNA-4NXH_dHCz35fdz3Pdju2dGr540aEMpGMzL7LJi3qNDgM6UIU5bnpXCEovI742I8VzWE7dTAfn_WZNkXaGKysEkGA
2020-07-18 10:17:08 INFO  Demo01_base:43 - 9z_0N-FuOF7owWdTGpFqDQ3dELfQ2Zbd9s36H59-Ueb44QNbdyN_xaO0-DLuucZ4en0i9WfiSTEQcm63c9G4yLJDfJ6LC9crVNQB7VXD1hd41i5eXIDuGDYTwtqNA-4NXH_dHCz35fdz3Pdju2dGr540aEMpGMzL7LJi3qNDgM6UIU5bnpXCEovI742I8VzWE7dTAfn_WZNkXaGKysEkGA
2020-07-18 10:18:29 INFO  Demo01_base:43 - 9z_0N-FuOF7owWdTGpFqDQ3dELfQ2Zbd9s36H59-Ueb44QNbdyN_xaO0-DLuucZ4en0i9WfiSTEQcm63c9G4yLJDfJ6LC9crVNQB7VXD1hd41i5eXIDuGDYTwtqNA-4NXH_dHCz35fdz3Pdju2dGr540aEMpGMzL7LJi3qNDgM6UIU5bnpXCEovI742I8VzWE7dTAfn_WZNkXaGKysEkGA
2020-07-18 10:21:37 INFO  Demo01_base:44 - 9z_0N-FuOF7owWdTGpFqDQ3dELfQ2Zbd9s36H59-Ueb44QNbdyN_xaO0-DLuucZ4en0i9WfiSTEQcm63c9G4yLJDfJ6LC9crVNQB7VXD1hd41i5eXIDuGDYTwtqNA-4NXH_dHCz35fdz3Pdju2dGr540aEMpGMzL7LJi3qNDgM6UIU5bnpXCEovI742I8VzWE7dTAfn_WZNkXaGKysEkGA
2020-07-18 10:21:48 INFO  Demo01_base:44 - 9z_0N-FuOF7owWdTGpFqDQ3dELfQ2Zbd9s36H59-Ueb44QNbdyN_xaO0-DLuucZ4en0i9WfiSTEQcm63c9G4yLJDfJ6LC9crVNQB7VXD1hd41i5eXIDuGDYTwtqNA-4NXH_dHCz35fdz3Pdju2dGr540aEMpGMzL7LJi3qNDgM6UIU5bnpXCEovI742I8VzWE7dTAfn_WZNkXaGKysEkGA
2020-07-18 10:22:00 INFO  Demo01_base:44 - 9z_0N-FuOF7owWdTGpFqDQ3dELfQ2Zbd9s36H59-Ueb44QNbdyN_xaO0-DLuucZ4en0i9WfiSTEQcm63c9G4yLJDfJ6LC9crVNQB7VXD1hd41i5eXIDuGDYTwtqNA-4NXH_dHCz35fdz3Pdju2dGr540aEMpGMzL7LJi3qNDgM6UIU5bnpXCEovI742I8VzWE7dTAfn_WZNkXaGKysEkGA
2020-07-18 10:22:36 INFO  Demo01_base:44 - 9z_0N-FuOF7owWdTGpFqDQ3dELfQ2Zbd9s36H59-Ueb44QNbdyN_xaO0-DLuucZ4en0i9WfiSTEQcm63c9G4yLJDfJ6LC9crVNQB7VXD1hd41i5eXIDuGDYTwtqNA-4NXH_dHCz35fdz3Pdju2dGr540aEMpGMzL7LJi3qNDgM6UIU5bnpXCEovI742I8VzWE7dTAfn_WZNkXaGKysEkGA
2020-07-18 10:23:11 INFO  Demo01_base:44 - 9z_0N-FuOF7owWdTGpFqDQ3dELfQ2Zbd9s36H59-Ueb44QNbdyN_xaO0-DLuucZ4en0i9WfiSTEQcm63c9G4yLJDfJ6LC9crVNQB7VXD1hd41i5eXIDuGDYTwtqNA-4NXH_dHCz35fdz3Pdju2dGr540aEMpGMzL7LJi3qNDgM6UIU5bnpXCEovI742I8VzWE7dTAfn_WZNkXaGKysEkGA
2020-07-18 10:23:25 INFO  Demo01_base:44 - 9z_0N-FuOF7owWdTGpFqDQ3dELfQ2Zbd9s36H59-Ueb44QNbdyN_xaO0-DLuucZ4en0i9WfiSTEQcm63c9G4yLJDfJ6LC9crVNQB7VXD1hd41i5eXIDuGDYTwtqNA-4NXH_dHCz35fdz3Pdju2dGr540aEMpGMzL7LJi3qNDgM6UIU5bnpXCEovI742I8VzWE7dTAfn_WZNkXaGKysEkGA
2020-07-18 10:23:56 INFO  Demo01_base:44 - 9z_0N-FuOF7owWdTGpFqDQ3dELfQ2Zbd9s36H59-Ueb44QNbdyN_xaO0-DLuucZ4en0i9WfiSTEQcm63c9G4yLJDfJ6LC9crVNQB7VXD1hd41i5eXIDuGDYTwtqNA-4NXH_dHCz35fdz3Pdju2dGr540aEMpGMzL7LJi3qNDgM6UIU5bnpXCEovI742I8VzWE7dTAfn_WZNkXaGKysEkGA
2020-07-18 10:25:16 INFO  Demo01_base:44 - 9z_0N-FuOF7owWdTGpFqDQ3dELfQ2Zbd9s36H59-Ueb44QNbdyN_xaO0-DLuucZ4en0i9WfiSTEQcm63c9G4yLJDfJ6LC9crVNQB7VXD1hd41i5eXIDuGDYTwtqNA-4NXH_dHCz35fdz3Pdju2dGr540aEMpGMzL7LJi3qNDgM6UIU5bnpXCEovI742I8VzWE7dTAfn_WZNkXaGKysEkGA
2020-07-18 10:25:28 INFO  Demo01_base:44 - 9z_0N-FuOF7owWdTGpFqDQ3dELfQ2Zbd9s36H59-Ueb44QNbdyN_xaO0-DLuucZ4en0i9WfiSTEQcm63c9G4yLJDfJ6LC9crVNQB7VXD1hd41i5eXIDuGDYTwtqNA-4NXH_dHCz35fdz3Pdju2dGr540aEMpGMzL7LJi3qNDgM6UIU5bnpXCEovI742I8VzWE7dTAfn_WZNkXaGKysEkGA
2020-07-18 10:29:41 INFO  Demo01_base:45 - 9z_0N-FuOF7owWdTGpFqDQ3dELfQ2Zbd9s36H59-Ueb44QNbdyN_xaO0-DLuucZ4en0i9WfiSTEQcm63c9G4yLJDfJ6LC9crVNQB7VXD1hd41i5eXIDuGDYTwtqNA-4NXH_dHCz35fdz3Pdju2dGr540aEMpGMzL7LJi3qNDgM6UIU5bnpXCEovI742I8VzWE7dTAfn_WZNkXaGKysEkGA
2020-07-18 10:31:04 INFO  Demo01_base:45 - 9z_0N-FuOF7owWdTGpFqDQ3dELfQ2Zbd9s36H59-Ueb44QNbdyN_xaO0-DLuucZ4en0i9WfiSTEQcm63c9G4yLJDfJ6LC9crVNQB7VXD1hd41i5eXIDuGDYTwtqNA-4NXH_dHCz35fdz3Pdju2dGr540aEMpGMzL7LJi3qNDgM6UIU5bnpXCEovI742I8VzWE7dTAfn_WZNkXaGKysEkGA
2020-07-18 10:31:35 INFO  Demo01_base:45 - 9z_0N-FuOF7owWdTGpFqDQ3dELfQ2Zbd9s36H59-Ueb44QNbdyN_xaO0-DLuucZ4en0i9WfiSTEQcm63c9G4yLJDfJ6LC9crVNQB7VXD1hd41i5eXIDuGDYTwtqNA-4NXH_dHCz35fdz3Pdju2dGr540aEMpGMzL7LJi3qNDgM6UIU5bnpXCEovI742I8VzWE7dTAfn_WZNkXaGKysEkGA
2020-07-18 10:33:17 INFO  Demo01_base:44 - 9z_0N-FuOF7owWdTGpFqDQ3dELfQ2Zbd9s36H59-Ueb44QNbdyN_xaO0-DLuucZ4en0i9WfiSTEQcm63c9G4yLJDfJ6LC9crVNQB7VXD1hd41i5eXIDuGDYTwtqNA-4NXH_dHCz35fdz3Pdju2dGr540aEMpGMzL7LJi3qNDgM6UIU5bnpXCEovI742I8VzWE7dTAfn_WZNkXaGKysEkGA
2020-07-18 10:36:12 INFO  Demo01_base:39 - 9z_0N-FuOF7owWdTGpFqDQ3dELfQ2Zbd9s36H59-Ueb44QNbdyN_xaO0-DLuucZ4en0i9WfiSTEQcm63c9G4yLJDfJ6LC9crVNQB7VXD1hd41i5eXIDuGDYTwtqNA-4NXH_dHCz35fdz3Pdju2dGr540aEMpGMzL7LJi3qNDgM6UIU5bnpXCEovI742I8VzWE7dTAfn_WZNkXaGKysEkGA
2020-07-18 10:41:49 INFO  Demo01_base:39 - 9z_0N-FuOF7owWdTGpFqDQ3dELfQ2Zbd9s36H59-Ueb44QNbdyN_xaO0-DLuucZ4en0i9WfiSTEQcm63c9G4yLJDfJ6LC9crVNQB7VXD1hd41i5eXIDuGDYTwtqNA-4NXH_dHCz35fdz3Pdju2dGr540aEMpGMzL7LJi3qNDgM6UIU5bnpXCEovI742I8VzWE7dTAfn_WZNkXaGKysEkGA
2020-07-18 10:42:58 INFO  Demo01_base:39 - 9z_0N-FuOF7owWdTGpFqDQ3dELfQ2Zbd9s36H59-Ueb44QNbdyN_xaO0-DLuucZ4en0i9WfiSTEQcm63c9G4yLJDfJ6LC9crVNQB7VXD1hd41i5eXIDuGDYTwtqNA-4NXH_dHCz35fdz3Pdju2dGr540aEMpGMzL7LJi3qNDgM6UIU5bnpXCEovI742I8VzWE7dTAfn_WZNkXaGKysEkGA
2020-07-18 10:44:34 INFO  Demo01_base:39 - 9z_0N-FuOF7owWdTGpFqDQ3dELfQ2Zbd9s36H59-Ueb44QNbdyN_xaO0-DLuucZ4en0i9WfiSTEQcm63c9G4yLJDfJ6LC9crVNQB7VXD1hd41i5eXIDuGDYTwtqNA-4NXH_dHCz35fdz3Pdju2dGr540aEMpGMzL7LJi3qNDgM6UIU5bnpXCEovI742I8VzWE7dTAfn_WZNkXaGKysEkGA
2020-07-18 10:45:45 INFO  Demo01_base:39 - 9z_0N-FuOF7owWdTGpFqDQ3dELfQ2Zbd9s36H59-Ueb44QNbdyN_xaO0-DLuucZ4en0i9WfiSTEQcm63c9G4yLJDfJ6LC9crVNQB7VXD1hd41i5eXIDuGDYTwtqNA-4NXH_dHCz35fdz3Pdju2dGr540aEMpGMzL7LJi3qNDgM6UIU5bnpXCEovI742I8VzWE7dTAfn_WZNkXaGKysEkGA
2020-07-18 10:47:33 INFO  Demo01_base:40 - 9z_0N-FuOF7owWdTGpFqDQ3dELfQ2Zbd9s36H59-Ueb44QNbdyN_xaO0-DLuucZ4en0i9WfiSTEQcm63c9G4yLJDfJ6LC9crVNQB7VXD1hd41i5eXIDuGDYTwtqNA-4NXH_dHCz35fdz3Pdju2dGr540aEMpGMzL7LJi3qNDgM6UIU5bnpXCEovI742I8VzWE7dTAfn_WZNkXaGKysEkGA
2020-07-18 10:48:15 INFO  Demo01_base:40 - 9z_0N-FuOF7owWdTGpFqDQ3dELfQ2Zbd9s36H59-Ueb44QNbdyN_xaO0-DLuucZ4en0i9WfiSTEQcm63c9G4yLJDfJ6LC9crVNQB7VXD1hd41i5eXIDuGDYTwtqNA-4NXH_dHCz35fdz3Pdju2dGr540aEMpGMzL7LJi3qNDgM6UIU5bnpXCEovI742I8VzWE7dTAfn_WZNkXaGKysEkGA
2020-07-18 11:05:49 INFO  FakerUtils:29 - 1595041549343
2020-07-18 11:05:59 INFO  FakerUtils:29 - 1595041559939
2020-07-18 11:06:04 INFO  FakerUtils:29 - 1595041564968
2020-07-18 11:09:24 INFO  Demo01_base:41 - 9z_0N-FuOF7owWdTGpFqDQ3dELfQ2Zbd9s36H59-Ueb44QNbdyN_xaO0-DLuucZ4en0i9WfiSTEQcm63c9G4yLJDfJ6LC9crVNQB7VXD1hd41i5eXIDuGDYTwtqNA-4NXH_dHCz35fdz3Pdju2dGr540aEMpGMzL7LJi3qNDgM6UIU5bnpXCEovI742I8VzWE7dTAfn_WZNkXaGKysEkGA
2020-07-18 11:09:41 INFO  Demo01_base:41 - 9z_0N-FuOF7owWdTGpFqDQ3dELfQ2Zbd9s36H59-Ueb44QNbdyN_xaO0-DLuucZ4en0i9WfiSTEQcm63c9G4yLJDfJ6LC9crVNQB7VXD1hd41i5eXIDuGDYTwtqNA-4NXH_dHCz35fdz3Pdju2dGr540aEMpGMzL7LJi3qNDgM6UIU5bnpXCEovI742I8VzWE7dTAfn_WZNkXaGKysEkGA
2020-07-18 11:09:48 INFO  Demo01_base:41 - 9z_0N-FuOF7owWdTGpFqDQ3dELfQ2Zbd9s36H59-Ueb44QNbdyN_xaO0-DLuucZ4en0i9WfiSTEQcm63c9G4yLJDfJ6LC9crVNQB7VXD1hd41i5eXIDuGDYTwtqNA-4NXH_dHCz35fdz3Pdju2dGr540aEMpGMzL7LJi3qNDgM6UIU5bnpXCEovI742I8VzWE7dTAfn_WZNkXaGKysEkGA
2020-07-18 11:09:55 INFO  Demo01_base:41 - 9z_0N-FuOF7owWdTGpFqDQ3dELfQ2Zbd9s36H59-Ueb44QNbdyN_xaO0-DLuucZ4en0i9WfiSTEQcm63c9G4yLJDfJ6LC9crVNQB7VXD1hd41i5eXIDuGDYTwtqNA-4NXH_dHCz35fdz3Pdju2dGr540aEMpGMzL7LJi3qNDgM6UIU5bnpXCEovI742I8VzWE7dTAfn_WZNkXaGKysEkGA
2020-07-18 11:15:53 INFO  Demo01_base:40 - 9z_0N-FuOF7owWdTGpFqDQ3dELfQ2Zbd9s36H59-Ueb44QNbdyN_xaO0-DLuucZ4en0i9WfiSTEQcm63c9G4yLJDfJ6LC9crVNQB7VXD1hd41i5eXIDuGDYTwtqNA-4NXH_dHCz35fdz3Pdju2dGr540aEMpGMzL7LJi3qNDgM6UIU5bnpXCEovI742I8VzWE7dTAfn_WZNkXaGKysEkGA
2020-07-18 11:16:14 INFO  Demo03_1_repeat_timestamp:42 - 9z_0N-FuOF7owWdTGpFqDQ3dELfQ2Zbd9s36H59-Ueb44QNbdyN_xaO0-DLuucZ4en0i9WfiSTEQcm63c9G4yLJDfJ6LC9crVNQB7VXD1hd41i5eXIDuGDYTwtqNA-4NXH_dHCz35fdz3Pdju2dGr540aEMpGMzL7LJi3qNDgM6UIU5bnpXCEovI742I8VzWE7dTAfn_WZNkXaGKysEkGA
2020-07-18 11:16:21 INFO  Demo03_1_repeat_timestamp:42 - 9z_0N-FuOF7owWdTGpFqDQ3dELfQ2Zbd9s36H59-Ueb44QNbdyN_xaO0-DLuucZ4en0i9WfiSTEQcm63c9G4yLJDfJ6LC9crVNQB7VXD1hd41i5eXIDuGDYTwtqNA-4NXH_dHCz35fdz3Pdju2dGr540aEMpGMzL7LJi3qNDgM6UIU5bnpXCEovI742I8VzWE7dTAfn_WZNkXaGKysEkGA
2020-07-18 11:16:28 INFO  Demo03_1_repeat_timestamp:42 - 9z_0N-FuOF7owWdTGpFqDQ3dELfQ2Zbd9s36H59-Ueb44QNbdyN_xaO0-DLuucZ4en0i9WfiSTEQcm63c9G4yLJDfJ6LC9crVNQB7VXD1hd41i5eXIDuGDYTwtqNA-4NXH_dHCz35fdz3Pdju2dGr540aEMpGMzL7LJi3qNDgM6UIU5bnpXCEovI742I8VzWE7dTAfn_WZNkXaGKysEkGA
2020-07-18 11:16:42 INFO  Demo01_base:40 - 9z_0N-FuOF7owWdTGpFqDQ3dELfQ2Zbd9s36H59-Ueb44QNbdyN_xaO0-DLuucZ4en0i9WfiSTEQcm63c9G4yLJDfJ6LC9crVNQB7VXD1hd41i5eXIDuGDYTwtqNA-4NXH_dHCz35fdz3Pdju2dGr540aEMpGMzL7LJi3qNDgM6UIU5bnpXCEovI742I8VzWE7dTAfn_WZNkXaGKysEkGA
2020-07-18 11:19:16 INFO  Demo01_base:42 - 9z_0N-FuOF7owWdTGpFqDQ3dELfQ2Zbd9s36H59-Ueb44QNbdyN_xaO0-DLuucZ4en0i9WfiSTEQcm63c9G4yLJDfJ6LC9crVNQB7VXD1hd41i5eXIDuGDYTwtqNA-4NXH_dHCz35fdz3Pdju2dGr540aEMpGMzL7LJi3qNDgM6UIU5bnpXCEovI742I8VzWE7dTAfn_WZNkXaGKysEkGA
2020-07-18 11:19:17 INFO  Demo01_base:57 - 1
2020-07-18 11:19:17 INFO  Demo01_base:57 - 2
2020-07-18 11:19:17 INFO  Demo01_base:57 - 3
2020-07-18 11:19:17 INFO  Demo01_base:57 - 4
2020-07-18 11:20:09 INFO  Demo01_base:42 - 9z_0N-FuOF7owWdTGpFqDQ3dELfQ2Zbd9s36H59-Ueb44QNbdyN_xaO0-DLuucZ4en0i9WfiSTEQcm63c9G4yLJDfJ6LC9crVNQB7VXD1hd41i5eXIDuGDYTwtqNA-4NXH_dHCz35fdz3Pdju2dGr540aEMpGMzL7LJi3qNDgM6UIU5bnpXCEovI742I8VzWE7dTAfn_WZNkXaGKysEkGA
2020-07-18 11:20:10 INFO  Demo01_base:60 - 2
2020-07-18 11:20:10 INFO  Demo01_base:60 - 3
2020-07-18 11:20:10 INFO  Demo01_base:60 - 4
2020-07-18 11:22:17 INFO  Demo01_base:42 - 9z_0N-FuOF7owWdTGpFqDQ3dELfQ2Zbd9s36H59-Ueb44QNbdyN_xaO0-DLuucZ4en0i9WfiSTEQcm63c9G4yLJDfJ6LC9crVNQB7VXD1hd41i5eXIDuGDYTwtqNA-4NXH_dHCz35fdz3Pdju2dGr540aEMpGMzL7LJi3qNDgM6UIU5bnpXCEovI742I8VzWE7dTAfn_WZNkXaGKysEkGA
2020-07-18 11:23:12 INFO  Demo01_base:42 - 9z_0N-FuOF7owWdTGpFqDQ3dELfQ2Zbd9s36H59-Ueb44QNbdyN_xaO0-DLuucZ4en0i9WfiSTEQcm63c9G4yLJDfJ6LC9crVNQB7VXD1hd41i5eXIDuGDYTwtqNA-4NXH_dHCz35fdz3Pdju2dGr540aEMpGMzL7LJi3qNDgM6UIU5bnpXCEovI742I8VzWE7dTAfn_WZNkXaGKysEkGA
2020-07-18 11:23:56 INFO  Demo01_base:42 - 9z_0N-FuOF7owWdTGpFqDQ3dELfQ2Zbd9s36H59-Ueb44QNbdyN_xaO0-DLuucZ4en0i9WfiSTEQcm63c9G4yLJDfJ6LC9crVNQB7VXD1hd41i5eXIDuGDYTwtqNA-4NXH_dHCz35fdz3Pdju2dGr540aEMpGMzL7LJi3qNDgM6UIU5bnpXCEovI742I8VzWE7dTAfn_WZNkXaGKysEkGA
2020-07-18 11:37:45 INFO  Demo03_1_repeat_timestamp:46 - 9z_0N-FuOF7owWdTGpFqDQ3dELfQ2Zbd9s36H59-Ueb44QNbdyN_xaO0-DLuucZ4en0i9WfiSTEQcm63c9G4yLJDfJ6LC9crVNQB7VXD1hd41i5eXIDuGDYTwtqNA-4NXH_dHCz35fdz3Pdju2dGr540aEMpGMzL7LJi3qNDgM6UIU5bnpXCEovI742I8VzWE7dTAfn_WZNkXaGKysEkGA
2020-07-18 11:44:56 INFO  Demo03_1_repeat_timestamp:46 - 9z_0N-FuOF7owWdTGpFqDQ3dELfQ2Zbd9s36H59-Ueb44QNbdyN_xaO0-DLuucZ4en0i9WfiSTEQcm63c9G4yLJDfJ6LC9crVNQB7VXD1hd41i5eXIDuGDYTwtqNA-4NXH_dHCz35fdz3Pdju2dGr540aEMpGMzL7LJi3qNDgM6UIU5bnpXCEovI742I8VzWE7dTAfn_WZNkXaGKysEkGA
2020-07-18 11:47:40 INFO  Demo03_1_repeat_timestamp:46 - 9z_0N-FuOF7owWdTGpFqDQ3dELfQ2Zbd9s36H59-Ueb44QNbdyN_xaO0-DLuucZ4en0i9WfiSTEQcm63c9G4yLJDfJ6LC9crVNQB7VXD1hd41i5eXIDuGDYTwtqNA-4NXH_dHCz35fdz3Pdju2dGr540aEMpGMzL7LJi3qNDgM6UIU5bnpXCEovI742I8VzWE7dTAfn_WZNkXaGKysEkGA
2020-07-18 12:33:39 INFO  Demo07_1_ThreadTest:34 - 线程号1==>装入坚果01 

2020-07-18 12:33:43 INFO  Demo07_1_ThreadTest:34 - 线程号1==>装入坚果01 

2020-07-18 12:33:46 INFO  Demo07_1_ThreadTest:34 - 线程号1==>装入坚果01 

2020-07-18 12:33:49 INFO  Demo07_1_ThreadTest:34 - 线程号1==>装入坚果01 

2020-07-18 12:33:52 INFO  Demo07_1_ThreadTest:34 - 线程号1==>装入坚果01 

2020-07-18 12:33:55 INFO  Demo07_1_ThreadTest:34 - 线程号1==>装入坚果01 

2020-07-18 12:33:58 INFO  Demo07_1_ThreadTest:34 - 线程号1==>装入坚果01 

2020-07-18 12:34:01 INFO  Demo07_1_ThreadTest:34 - 线程号1==>装入坚果01 

2020-07-18 12:34:04 INFO  Demo07_1_ThreadTest:34 - 线程号1==>装入坚果01 

2020-07-18 12:34:07 INFO  Demo07_1_ThreadTest:34 - 线程号1==>装入坚果01 

2020-07-18 12:34:10 INFO  Demo07_1_ThreadTest:43 - 线程号1==>装入坚果02 

2020-07-18 12:34:13 INFO  Demo07_1_ThreadTest:43 - 线程号1==>装入坚果02 

2020-07-18 12:34:16 INFO  Demo07_1_ThreadTest:43 - 线程号1==>装入坚果02 

2020-07-18 12:34:19 INFO  Demo07_1_ThreadTest:43 - 线程号1==>装入坚果02 

2020-07-18 12:34:22 INFO  Demo07_1_ThreadTest:43 - 线程号1==>装入坚果02 

2020-07-18 12:34:25 INFO  Demo07_1_ThreadTest:43 - 线程号1==>装入坚果02 

2020-07-18 12:34:28 INFO  Demo07_1_ThreadTest:43 - 线程号1==>装入坚果02 

2020-07-18 12:34:40 INFO  Demo07_1_ThreadTest:34 - 线程号1==>装入坚果01 

2020-07-18 12:34:43 INFO  Demo07_1_ThreadTest:34 - 线程号1==>装入坚果01 

2020-07-18 12:34:46 INFO  Demo07_1_ThreadTest:34 - 线程号1==>装入坚果01 

2020-07-18 12:34:49 INFO  Demo07_1_ThreadTest:34 - 线程号1==>装入坚果01 

2020-07-18 12:34:52 INFO  Demo07_1_ThreadTest:34 - 线程号1==>装入坚果01 

2020-07-18 12:34:55 INFO  Demo07_1_ThreadTest:34 - 线程号1==>装入坚果01 

2020-07-18 12:34:58 INFO  Demo07_1_ThreadTest:34 - 线程号1==>装入坚果01 

2020-07-18 12:35:08 INFO  Demo07_1_ThreadTest:35 - 线程号1==>装入坚果01 

2020-07-18 12:35:11 INFO  Demo07_1_ThreadTest:35 - 线程号1==>装入坚果01 

2020-07-18 12:35:14 INFO  Demo07_1_ThreadTest:35 - 线程号1==>装入坚果01 

2020-07-18 12:35:17 INFO  Demo07_1_ThreadTest:35 - 线程号1==>装入坚果01 

2020-07-18 12:35:20 INFO  Demo07_1_ThreadTest:35 - 线程号1==>装入坚果01 

2020-07-18 12:35:23 INFO  Demo07_1_ThreadTest:35 - 线程号1==>装入坚果01 

2020-07-18 12:35:31 INFO  Demo07_1_ThreadTest:35 - 线程号15==>装入坚果01 

2020-07-18 12:35:31 INFO  Demo07_1_ThreadTest:44 - 线程号18==>装入坚果02 

2020-07-18 12:35:31 INFO  Demo07_1_ThreadTest:35 - 线程号19==>装入坚果01 

2020-07-18 12:35:31 INFO  Demo07_1_ThreadTest:35 - 线程号17==>装入坚果01 

2020-07-18 12:35:31 INFO  Demo07_1_ThreadTest:44 - 线程号14==>装入坚果02 

2020-07-18 12:35:31 INFO  Demo07_1_ThreadTest:44 - 线程号22==>装入坚果02 

2020-07-18 12:35:31 INFO  Demo07_1_ThreadTest:44 - 线程号21==>装入坚果02 

2020-07-18 12:35:31 INFO  Demo07_1_ThreadTest:44 - 线程号16==>装入坚果02 

2020-07-18 12:35:31 INFO  Demo07_1_ThreadTest:44 - 线程号20==>装入坚果02 

2020-07-18 12:35:34 INFO  Demo07_1_ThreadTest:44 - 线程号16==>装入坚果02 

2020-07-18 12:35:34 INFO  Demo07_1_ThreadTest:35 - 线程号15==>装入坚果01 

2020-07-18 12:35:34 INFO  Demo07_1_ThreadTest:44 - 线程号21==>装入坚果02 

2020-07-18 12:35:34 INFO  Demo07_1_ThreadTest:35 - 线程号19==>装入坚果01 

2020-07-18 12:35:34 INFO  Demo07_1_ThreadTest:35 - 线程号18==>装入坚果01 

2020-07-18 12:35:34 INFO  Demo07_1_ThreadTest:44 - 线程号14==>装入坚果02 

2020-07-18 12:35:34 INFO  Demo07_1_ThreadTest:35 - 线程号20==>装入坚果01 

2020-07-18 12:35:34 INFO  Demo07_1_ThreadTest:35 - 线程号22==>装入坚果01 

2020-07-18 12:35:34 INFO  Demo07_1_ThreadTest:44 - 线程号17==>装入坚果02 

2020-07-18 12:35:34 INFO  Demo07_1_ThreadTest:35 - 线程号24==>装入坚果01 

2020-07-18 12:35:37 INFO  Demo07_1_ThreadTest:35 - 线程号16==>装入坚果01 

2020-07-18 12:36:23 INFO  Demo07_1_ThreadTest:41 - 线程号16==>装入坚果02 

2020-07-18 12:36:23 INFO  Demo07_1_ThreadTest:41 - 线程号21==>装入坚果02 

2020-07-18 12:36:23 INFO  Demo07_1_ThreadTest:33 - 线程号19==>装入坚果01 

2020-07-18 12:36:23 INFO  Demo07_1_ThreadTest:41 - 线程号14==>装入坚果02 

2020-07-18 12:36:23 INFO  Demo07_1_ThreadTest:33 - 线程号15==>装入坚果01 

2020-07-18 12:36:23 INFO  Demo07_1_ThreadTest:33 - 线程号17==>装入坚果01 

2020-07-18 12:36:23 INFO  Demo07_1_ThreadTest:41 - 线程号18==>装入坚果02 

2020-07-18 12:36:23 INFO  Demo07_1_ThreadTest:41 - 线程号22==>装入坚果02 

2020-07-18 12:36:23 INFO  Demo07_1_ThreadTest:33 - 线程号20==>装入坚果01 

2020-07-18 12:36:26 INFO  Demo07_1_ThreadTest:41 - 线程号16==>装入坚果02 

2020-07-18 12:36:26 INFO  Demo07_1_ThreadTest:41 - 线程号21==>装入坚果02 

2020-07-18 12:36:26 INFO  Demo07_1_ThreadTest:33 - 线程号25==>装入坚果01 

2020-07-18 12:36:26 INFO  Demo07_1_ThreadTest:41 - 线程号18==>装入坚果02 

2020-07-18 12:36:26 INFO  Demo07_1_ThreadTest:33 - 线程号17==>装入坚果01 

2020-07-18 12:36:26 INFO  Demo07_1_ThreadTest:41 - 线程号14==>装入坚果02 

2020-07-18 12:36:26 INFO  Demo07_1_ThreadTest:33 - 线程号19==>装入坚果01 

2020-07-18 12:36:26 INFO  Demo07_1_ThreadTest:33 - 线程号15==>装入坚果01 

2020-07-18 12:36:26 INFO  Demo07_1_ThreadTest:41 - 线程号22==>装入坚果02 

2020-07-18 12:36:26 INFO  Demo07_1_ThreadTest:33 - 线程号20==>装入坚果01 

2020-07-18 12:36:26 INFO  Demo07_1_ThreadTest:33 - 线程号24==>装入坚果01 

2020-07-18 12:36:48 INFO  Demo07_1_ThreadTest:33 - 线程号11==>装入坚果01 

2020-07-18 12:36:51 INFO  Demo07_1_ThreadTest:33 - 线程号11==>装入坚果01 

2020-07-18 12:36:54 INFO  Demo07_1_ThreadTest:33 - 线程号11==>装入坚果01 

2020-07-18 12:36:57 INFO  Demo07_1_ThreadTest:33 - 线程号11==>装入坚果01 

2020-07-18 12:37:00 INFO  Demo07_1_ThreadTest:33 - 线程号11==>装入坚果01 

2020-07-18 12:37:03 INFO  Demo07_1_ThreadTest:33 - 线程号11==>装入坚果01 

2020-07-18 12:37:06 INFO  Demo07_1_ThreadTest:33 - 线程号11==>装入坚果01 

2020-07-18 12:37:09 INFO  Demo07_1_ThreadTest:33 - 线程号11==>装入坚果01 

2020-07-18 12:37:12 INFO  Demo07_1_ThreadTest:33 - 线程号11==>装入坚果01 

2020-07-18 12:37:15 INFO  Demo07_1_ThreadTest:33 - 线程号11==>装入坚果01 

2020-07-18 12:37:18 INFO  Demo07_1_ThreadTest:41 - 线程号11==>装入坚果02 

2020-07-18 12:37:21 INFO  Demo07_1_ThreadTest:41 - 线程号11==>装入坚果02 

2020-07-18 12:37:24 INFO  Demo07_1_ThreadTest:41 - 线程号11==>装入坚果02 

2020-07-18 12:37:27 INFO  Demo07_1_ThreadTest:41 - 线程号11==>装入坚果02 

2020-07-18 12:37:30 INFO  Demo07_1_ThreadTest:41 - 线程号11==>装入坚果02 

2020-07-18 12:37:33 INFO  Demo07_1_ThreadTest:41 - 线程号11==>装入坚果02 

2020-07-18 12:37:36 INFO  Demo07_1_ThreadTest:41 - 线程号11==>装入坚果02 

2020-07-18 12:37:39 INFO  Demo07_1_ThreadTest:41 - 线程号11==>装入坚果02 

2020-07-18 12:37:42 INFO  Demo07_1_ThreadTest:41 - 线程号11==>装入坚果02 

2020-07-18 12:37:45 INFO  Demo07_1_ThreadTest:41 - 线程号11==>装入坚果02 

2020-07-18 13:17:28 INFO  TestClass:26 - Hello World!
2020-07-18 13:51:36 INFO  TestClass:26 - Hello World!
2020-07-18 14:48:27 INFO  TestClass:26 - Hello World!
2020-07-18 16:28:18 INFO  FakerUtils:28 - 1595060898539
2020-07-18 16:48:08 INFO  Demo_03_02:59 - 1
2020-07-18 16:48:08 INFO  Demo_03_02:59 - 3
2020-07-18 16:48:08 INFO  Demo_03_02:59 - 4
2020-07-18 16:48:08 INFO  Demo_03_02:59 - 5
2020-07-18 16:48:08 INFO  Demo_03_02:59 - 6
2020-07-18 16:48:08 INFO  Demo_03_02:59 - 7
2020-07-18 16:48:08 INFO  Demo_03_02:59 - 8
2020-07-18 18:45:55 INFO  Demo_07_1:28 - 线程号13==>装入坚果01 

2020-07-18 18:45:55 INFO  Demo_07_1:38 - 线程号15==>装入坚果02 

2020-07-18 18:45:55 INFO  Demo_07_1:38 - 线程号16==>装入坚果02 

2020-07-18 18:45:55 INFO  Demo_07_1:38 - 线程号14==>装入坚果02 

2020-07-18 18:45:59 INFO  Demo_07_1:28 - 线程号16==>装入坚果01 

2020-07-18 18:45:59 INFO  Demo_07_1:38 - 线程号14==>装入坚果02 

2020-07-18 18:45:59 INFO  Demo_07_1:28 - 线程号13==>装入坚果01 

2020-07-18 18:45:59 INFO  Demo_07_1:28 - 线程号15==>装入坚果01 

2020-07-18 18:46:02 INFO  Demo_07_1:28 - 线程号16==>装入坚果01 

2020-07-18 18:46:02 INFO  Demo_07_1:38 - 线程号17==>装入坚果02 

2020-07-18 18:46:02 INFO  Demo_07_1:28 - 线程号18==>装入坚果01 

2020-07-18 18:46:02 INFO  Demo_07_1:28 - 线程号19==>装入坚果01 

2020-07-18 18:46:02 INFO  Demo_07_1:28 - 线程号15==>装入坚果01 

2020-07-18 18:46:05 INFO  Demo_07_1:38 - 线程号17==>装入坚果02 

2020-07-18 18:46:05 INFO  Demo_07_1:28 - 线程号16==>装入坚果01 

2020-07-18 18:46:05 INFO  Demo_07_1:38 - 线程号18==>装入坚果02 

2020-07-18 18:46:05 INFO  Demo_07_1:38 - 线程号21==>装入坚果02 

2020-07-18 18:46:05 INFO  Demo_07_1:28 - 线程号20==>装入坚果01 

2020-07-18 18:46:05 INFO  Demo_07_1:38 - 线程号19==>装入坚果02 

2020-07-18 18:46:05 INFO  Demo_07_1:38 - 线程号15==>装入坚果02 

2020-07-18 18:50:52 INFO  Demo_07_2:25 - 73Pi5csgrV9oE8_ZWu0COFzSaQfTSSI-HIetECMuIDA2O6eiSME9BF2D-JEVKnPG5ZYisnT5rcGW_MEKAkZqIsBO-RT4i65TunpIJJWL-AZAuVYJ5eT6QkcfiimToUT7VBouLqEFM48cPuPKjeooLb2gI77OeTB1W2xIloKYkF-YtPTWjfA1GFMvNzvdS4p3v82BP6ZlVcPLDZXRguuZZg
2020-07-19 06:32:29 INFO  Demo_07_1:28 - 线程号1==>装入坚果01 

2020-07-19 06:32:32 INFO  Demo_07_1:28 - 线程号1==>装入坚果01 

2020-07-19 06:32:35 INFO  Demo_07_1:28 - 线程号1==>装入坚果01 

2020-07-19 06:32:38 INFO  Demo_07_1:28 - 线程号1==>装入坚果01 

2020-07-19 06:32:41 INFO  Demo_07_1:28 - 线程号1==>装入坚果01 

2020-07-19 06:32:44 INFO  Demo_07_1:28 - 线程号1==>装入坚果01 

2020-07-19 06:32:47 INFO  Demo_07_1:28 - 线程号1==>装入坚果01 

2020-07-19 06:32:50 INFO  Demo_07_1:28 - 线程号1==>装入坚果01 

2020-07-19 06:32:53 INFO  Demo_07_1:28 - 线程号1==>装入坚果01 

2020-07-19 06:32:56 INFO  Demo_07_1:28 - 线程号1==>装入坚果01 

2020-07-19 06:32:59 INFO  Demo_07_1:38 - 线程号1==>装入坚果02 

2020-07-19 06:39:36 INFO  TestClass:26 - Hello World!
2020-07-19 06:40:22 INFO  Demo_07_1:27 - 线程号1==>装入坚果01 

2020-07-19 06:40:25 INFO  Demo_07_1:27 - 线程号1==>装入坚果01 

2020-07-19 06:40:28 INFO  Demo_07_1:27 - 线程号1==>装入坚果01 

2020-07-19 06:40:31 INFO  Demo_07_1:27 - 线程号1==>装入坚果01 

2020-07-19 06:40:34 INFO  Demo_07_1:27 - 线程号1==>装入坚果01 

2020-07-19 06:40:37 INFO  Demo_07_1:27 - 线程号1==>装入坚果01 

2020-07-19 06:40:40 INFO  Demo_07_1:27 - 线程号1==>装入坚果01 

2020-07-19 06:40:43 INFO  Demo_07_1:27 - 线程号1==>装入坚果01 

2020-07-19 06:40:46 INFO  Demo_07_1:27 - 线程号1==>装入坚果01 

2020-07-19 06:40:49 INFO  Demo_07_1:27 - 线程号1==>装入坚果01 

2020-07-19 06:40:52 INFO  Demo_07_1:36 - 线程号1==>装入坚果02 

2020-07-19 06:40:55 INFO  Demo_07_1:36 - 线程号1==>装入坚果02 

2020-07-19 06:40:58 INFO  Demo_07_1:36 - 线程号1==>装入坚果02 

2020-07-19 06:41:01 INFO  Demo_07_1:36 - 线程号1==>装入坚果02 

2020-07-19 06:41:04 INFO  Demo_07_1:36 - 线程号1==>装入坚果02 

2020-07-19 06:41:07 INFO  Demo_07_1:36 - 线程号1==>装入坚果02 

2020-07-19 06:41:10 INFO  Demo_07_1:36 - 线程号1==>装入坚果02 

2020-07-19 06:41:13 INFO  Demo_07_1:36 - 线程号1==>装入坚果02 

2020-07-19 06:41:16 INFO  Demo_07_1:36 - 线程号1==>装入坚果02 

2020-07-19 06:41:19 INFO  Demo_07_1:36 - 线程号1==>装入坚果02 

2020-07-19 06:41:30 INFO  Demo_07_2:26 - XDwOhTOaL-fyN4gCENi7RZVjpSFmXd67p1ESzLJjrdQ1grsdNILnK-u9xOhXxlGgnIQMVs9BvhHlyfhnhtvvCPwpIEA8VH5YuWnLW8UatqWjVCR-SYSAmA1GDysLTHwabF3nr992P0uPMlQraGB5QvKEIopjCVREFwVL6Ep0Ui-fVgu7LQUzJPb0dD44WVmj3t7Zd8ZSQY1hZqkkLjrVog
2020-07-22 00:14:56 INFO  Demo_07_2:26 - xqrH4gzPpff1J8zpPxhOeKj83ZrfeTNnldQZox8q3Psx1suczicnfiSK8Zy7L9W5OP2jNOfrZ8qCd7ubyfHZkIy1DjVePUzA2LmRaPP-2FhJczag7IMv4YmDBZJJwc5WrN92iA8BiLr8j2NCRQ7MBbt12ptjROr65uv6BTu_KcVS8NSmp68p7ElYOXI5WtuupHgE16j2SOVD8o2KZJNtIQ
